// Jest Snapshot v1, https://goo.gl/fbAQLP

exports[`<Logout /> should render component 1`] = `
<div
  className="logout-container"
>
  <h1>
    Sorry to see you go :(
  </h1>
</div>
`;
