// Jest Snapshot v1, https://goo.gl/fbAQLP

exports[`<Root /> should render component 1`] = `
<div>
  test
</div>
`;
